rake@rake-VirtualBox:~$ ./hello.sh
bash: ./hello.sh: No such file or directory
rake@rake-VirtualBox:~$ cat /etc/shells
# /etc/shells: valid login shells
/bin/sh
/bin/bash
/usr/bin/bash
/bin/rbash
/usr/bin/rbash
/bin/dash
/usr/bin/dash
rake@rake-VirtualBox:~$ which bash
/usr/bin/bash
rake@rake-VirtualBox:~$ ./hello.sh
bash: ./hello.sh: No such file or directory
rake@rake-VirtualBox:~$ cd Desktop
rake@rake-VirtualBox:~/Desktop$ ./hello.sh
username : myuser
password : 
username : myuser
password : 12345
rake@rake-VirtualBox:~/Desktop$ ,/hello.sh ram sai sri
bash: ,/hello.sh: No such file or directory
rake@rake-VirtualBox:~/Desktop$ ./hello.sh ram sai sri
ram sai sri > echo $1 $2 $3
rake@rake-VirtualBox:~/Desktop$  ./hello.sh ram sai sri
./hello.sh ram sai sri > echo $1 $2 $3
./hello.sh: command substitution: line 8: syntax error near unexpected token `0'
./hello.sh: command substitution: line 8: `args(0))'
rake@rake-VirtualBox:~/Desktop$ ./hello.sh ram sai sri
ram sai sri > echo $1 $2 $3
./hello.sh: command substitution: line 8: syntax error near unexpected token `1'
./hello.sh: command substitution: line 8: `args(1))'
rake@rake-VirtualBox:~/Desktop$ ./hello.sh ram sai sri
./hello.sh ram sai sri > echo $1 $2 $3
ram sai sri ram{[3]}
rake@rake-VirtualBox:~/Desktop$ ./hello.sh ram sai sri
./hello.sh ram sai sri > echo $1 $2 $3
ram sai sri ram{[3]}
ram sai sri
rake@rake-VirtualBox:~/Desktop$ ./hello.sh ram sai sri
./hello.sh ram sai sri > echo $1 $2 $3
./hello.sh: line 7: ${args{[3]}: bad substitution
ram sai sri
rake@rake-VirtualBox:~/Desktop$ ./hello.sh ram sai sri
./hello.sh ram sai sri > echo $1 $2 $3
ram sai sri
ram sai sri
rake@rake-VirtualBox:~/Desktop$ ./hello.sh ram sai sri
./hello.sh ram sai sri > echo $1 $2 $3
ram sai sri
ram sai sri
3
rake@rake-VirtualBox:~/Desktop$ 
