(  -e file is used to exist are not on \c   )
now write code below

#! /bin/bash
echo -e "enter the name of the file : \c"
read file_name

if [ -e $file_name ]
then
   echo "$file_name found"
else
   echo "file_name not found"
fi

ake@rake-VirtualBox:~/Desktop$ ./hello.sh
enter the name of the file : cccbb
file_name not found
rake@rake-VirtualBox:~/Desktop$ touch demo test
rake@rake-VirtualBox:~/Desktop$ ./hello.sh
enter the name of the file : demo
demo found


(  -f file is used to weather file is regular are not   )

#! /bin/bash
echo -e "enter the name of the file : \c"
read file_name

if [ -f $file_name ]
then
   echo "$file_name found"
else
   echo "file_name not found"
fi

rake@rake-VirtualBox:~/Desktop$ ./hello.sh
enter the name of the file : demo
demo found



( -d is directory is created file are not we have to found ) enter( ./hello.sh enter) (again file name demo enter) (its shows you demo empty in inside ) (and use ls -l command
see right side name demo in that file empty is shows you zero) (if we want to write some text use command cat > demo  click enter write hai how are you friemds click enter
and click ctrl + d its use to comeout from directory file ) ( write ./hello.sh enter and enter file name demo click enter demo is not empty its shows you ) ( write ls -l enter and its you  demo file is written 52 words)
suppose if you want to check -r to read commmand and -w is used to write command and -x is used to execute file )

#! /bin/bash
echo -e "enter the name of the file : \c"
read file_name

if [ -d $file_name ]
then
   echo "$file_name found"
else
   echo "file_name not found"
fi

rake@rake-VirtualBox:~/Desktop$ ./hello.sh
enter the name of the file : aash        
file_name not found
rake@rake-VirtualBox:~/Desktop$ mkdir aash
rake@rake-VirtualBox:~/Desktop$ ls
9  aash  demo  file2  hello.sh  test
rake@rake-VirtualBox:~/Desktop$ ./hello.sh
enter the name of the file : aash
aash found


( -s is used to file is weather empty are not empty )
#! /bin/bash
echo -e "enter the name of the file : \c"
read file_name

if [ -s $file_name ]
then
   echo "$file_name not empty"
else
   echo "file_name empty"
fi

rake@rake-VirtualBox:~/Desktop$ ./hello.sh
enter the name of the file : demo
file_name empty
rake@rake-VirtualBox:~/Desktop$ ls -l
total 12
-rw-rw-r-- 1 rake rake    0 Dec 26 16:36 9
drwxrwxr-x 2 rake rake 4096 Dec 27 18:14 aash
-rw-rw-r-- 1 rake rake    0 Dec 27 17:49 demo
-rw-rw-r-- 1 rake rake   55 Dec 17 20:46 file2
-rwxrwxr-x 1 rake rake  161 Dec 27 18:30 hello.sh
-rw-rw-r-- 1 rake rake    0 Dec 27 17:49 test
rake@rake-VirtualBox:~/Desktop$ 
rake@rake-VirtualBox:~/Desktop$ 
rake@rake-VirtualBox:~/Desktop$ 
rake@rake-VirtualBox:~/Desktop$ 
rake@rake-VirtualBox:~/Desktop$ cat > demo
practice makes man perfect
rake@rake-VirtualBox:~/Desktop$ ls -l
total 16
-rw-rw-r-- 1 rake rake    0 Dec 26 16:36 9
drwxrwxr-x 2 rake rake 4096 Dec 27 18:14 aash
-rw-rw-r-- 1 rake rake   27 Dec 27 18:34 demo
-rw-rw-r-- 1 rake rake   55 Dec 17 20:46 file2
-rwxrwxr-x 1 rake rake  161 Dec 27 18:30 hello.sh
-rw-rw-r-- 1 rake rake    0 Dec 27 17:49 test
rake@rake-VirtualBox:~/Desktop$ ./hello.sh
enter the name of the file : demo
demo not empty
